../Drivers/Ethernet_W5500/DHCP/dhcp.c:257:6:default_ip_assign	8	static
../Drivers/Ethernet_W5500/DHCP/dhcp.c:264:6:default_ip_update	8	static
../Drivers/Ethernet_W5500/DHCP/dhcp.c:292:6:default_ip_conflict	8	static
../Drivers/Ethernet_W5500/DHCP/dhcp.c:320:6:reg_dhcp_cbfunc	24	static
../Drivers/Ethernet_W5500/DHCP/dhcp.c:336:6:makeDHCPMSG	24	static
../Drivers/Ethernet_W5500/DHCP/dhcp.c:400:6:send_DHCP_DISCOVER	32	static
../Drivers/Ethernet_W5500/DHCP/dhcp.c:484:6:send_DHCP_REQUEST	40	static
../Drivers/Ethernet_W5500/DHCP/dhcp.c:590:6:send_DHCP_DECLINE	32	static
../Drivers/Ethernet_W5500/DHCP/dhcp.c:660:8:parseDHCPMSG	48	static
../Drivers/Ethernet_W5500/DHCP/dhcp.c:790:9:DHCP_run	16	static
../Drivers/Ethernet_W5500/DHCP/dhcp.c:929:9:DHCP_stop	8	static
../Drivers/Ethernet_W5500/DHCP/dhcp.c:934:9:check_DHCP_timeout	16	static
../Drivers/Ethernet_W5500/DHCP/dhcp.c:986:8:check_DHCP_leasedIP	24	static
../Drivers/Ethernet_W5500/DHCP/dhcp.c:1029:6:DHCP_init	24	static
../Drivers/Ethernet_W5500/DHCP/dhcp.c:1068:6:reset_DHCP_timeout	4	static
../Drivers/Ethernet_W5500/DHCP/dhcp.c:1074:6:DHCP_time_handler	4	static
../Drivers/Ethernet_W5500/DHCP/dhcp.c:1078:6:getIPfromDHCP	16	static
../Drivers/Ethernet_W5500/DHCP/dhcp.c:1085:6:getGWfromDHCP	16	static
../Drivers/Ethernet_W5500/DHCP/dhcp.c:1092:6:getSNfromDHCP	16	static
../Drivers/Ethernet_W5500/DHCP/dhcp.c:1099:6:getDNSfromDHCP	16	static
../Drivers/Ethernet_W5500/DHCP/dhcp.c:1106:10:getDHCPLeasetime	4	static
../Drivers/Ethernet_W5500/DHCP/dhcp.c:1110:6:NibbleToHex	16	static
